2026-07-10T11:00:20.773+09:00  INFO 8640 --- [msa4-meerkatgram] [main] c.m.Msa4MeerkatgramApplication           : Starting Msa4MeerkatgramApplication vv1 using Java 17.0.19 with PID 8640 (E:\Jeon\workspace\msa4-meerkatgram-master\build\classes\java\main started by user in E:\Jeon\workspace\msa4-meerkatgram-master)
2026-07-10T11:00:20.776+09:00  INFO 8640 --- [msa4-meerkatgram] [main] c.m.Msa4MeerkatgramApplication           : No active profile set, falling back to 1 default profile: "default"
2026-07-10T11:00:21.312+09:00  INFO 8640 --- [msa4-meerkatgram] [main] .s.d.r.c.RepositoryConfigurationDelegate : Bootstrapping Spring Data JPA repositories in DEFAULT mode.
2026-07-10T11:00:21.347+09:00  INFO 8640 --- [msa4-meerkatgram] [main] .s.d.r.c.RepositoryConfigurationDelegate : Finished Spring Data repository scanning in 29 ms. Found 2 JPA repository interfaces.
2026-07-10T11:00:21.712+09:00  INFO 8640 --- [msa4-meerkatgram] [main] o.s.b.w.embedded.tomcat.TomcatWebServer  : Tomcat initialized with port 8080 (http)
2026-07-10T11:00:21.721+09:00  INFO 8640 --- [msa4-meerkatgram] [main] o.apache.catalina.core.StandardService   : Starting service [Tomcat]
2026-07-10T11:00:21.721+09:00  INFO 8640 --- [msa4-meerkatgram] [main] o.apache.catalina.core.StandardEngine    : Starting Servlet engine: [Apache Tomcat/10.1.55]
2026-07-10T11:00:21.775+09:00  INFO 8640 --- [msa4-meerkatgram] [main] o.a.c.c.C.[Tomcat].[localhost].[/]       : Initializing Spring embedded WebApplicationContext
2026-07-10T11:00:21.777+09:00  INFO 8640 --- [msa4-meerkatgram] [main] w.s.c.ServletWebServerApplicationContext : Root WebApplicationContext: initialization completed in 963 ms
2026-07-10T11:00:21.847+09:00  WARN 8640 --- [msa4-meerkatgram] [main] JpaBaseConfiguration$JpaWebConfiguration : spring.jpa.open-in-view is enabled by default. Therefore, database queries may be performed during view rendering. Explicitly configure spring.jpa.open-in-view to disable this warning
2026-07-10T11:00:21.933+09:00  INFO 8640 --- [msa4-meerkatgram] [main] o.hibernate.jpa.internal.util.LogHelper  : HHH000204: Processing PersistenceUnitInfo [name: default]
2026-07-10T11:00:21.979+09:00  INFO 8640 --- [msa4-meerkatgram] [main] org.hibernate.Version                    : HHH000412: Hibernate ORM core version 6.6.53.Final
2026-07-10T11:00:22.004+09:00  INFO 8640 --- [msa4-meerkatgram] [main] o.h.c.internal.RegionFactoryInitiator    : HHH000026: Second-level cache disabled
2026-07-10T11:00:22.237+09:00  INFO 8640 --- [msa4-meerkatgram] [main] o.s.o.j.p.SpringPersistenceUnitInfo      : No LoadTimeWeaver setup: ignoring JPA class transformer
2026-07-10T11:00:22.258+09:00  INFO 8640 --- [msa4-meerkatgram] [main] com.zaxxer.hikari.HikariDataSource       : HikariPool-1 - Starting...
2026-07-10T11:00:22.514+09:00  INFO 8640 --- [msa4-meerkatgram] [main] com.zaxxer.hikari.pool.HikariPool        : HikariPool-1 - Added connection com.mysql.cj.jdbc.ConnectionImpl@3bf26810
2026-07-10T11:00:22.515+09:00  INFO 8640 --- [msa4-meerkatgram] [main] com.zaxxer.hikari.HikariDataSource       : HikariPool-1 - Start completed.
2026-07-10T11:00:22.567+09:00  INFO 8640 --- [msa4-meerkatgram] [main] org.hibernate.orm.connections.pooling    : HHH10001005: Database info:
	Database JDBC URL [Connecting through datasource 'HikariDataSource (HikariPool-1)']
	Database driver: undefined/unknown
	Database version: 8.4.9
	Autocommit mode: undefined/unknown
	Isolation level: undefined/unknown
	Minimum pool size: undefined/unknown
	Maximum pool size: undefined/unknown
2026-07-10T11:00:23.152+09:00  INFO 8640 --- [msa4-meerkatgram] [main] o.h.e.t.j.p.i.JtaPlatformInitiator       : HHH000489: No JTA platform available (set 'hibernate.transaction.jta.platform' to enable JTA platform integration)
2026-07-10T11:00:23.153+09:00  INFO 8640 --- [msa4-meerkatgram] [main] j.LocalContainerEntityManagerFactoryBean : Initialized JPA EntityManagerFactory for persistence unit 'default'
2026-07-10T11:00:23.554+09:00  WARN 8640 --- [msa4-meerkatgram] [main] .s.s.UserDetailsServiceAutoConfiguration : 

Using generated security password: c5cd77b9-fe88-45d9-bb21-c5da09155f1d

This generated password is for development use only. Your security configuration must be updated before running your application in production.

2026-07-10T11:00:23.558+09:00  INFO 8640 --- [msa4-meerkatgram] [main] r$InitializeUserDetailsManagerConfigurer : Global AuthenticationManager configured with UserDetailsService bean with name inMemoryUserDetailsManager
2026-07-10T11:00:23.763+09:00  INFO 8640 --- [msa4-meerkatgram] [main] o.s.b.w.embedded.tomcat.TomcatWebServer  : Tomcat started on port 8080 (http) with context path '/'
2026-07-10T11:00:23.769+09:00  INFO 8640 --- [msa4-meerkatgram] [main] c.m.Msa4MeerkatgramApplication           : Started Msa4MeerkatgramApplication in 3.306 seconds (process running for 3.666)
2026-07-10T11:02:24.161+09:00  INFO 8640 --- [msa4-meerkatgram] [SpringApplicationShutdownHook] o.s.b.w.e.tomcat.GracefulShutdown        : Commencing graceful shutdown. Waiting for active requests to complete
2026-07-10T11:02:24.178+09:00  INFO 8640 --- [msa4-meerkatgram] [tomcat-shutdown] o.s.b.w.e.tomcat.GracefulShutdown        : Graceful shutdown complete
2026-07-10T11:02:24.180+09:00  INFO 8640 --- [msa4-meerkatgram] [SpringApplicationShutdownHook] j.LocalContainerEntityManagerFactoryBean : Closing JPA EntityManagerFactory for persistence unit 'default'
2026-07-10T11:02:24.181+09:00  INFO 8640 --- [msa4-meerkatgram] [SpringApplicationShutdownHook] com.zaxxer.hikari.HikariDataSource       : HikariPool-1 - Shutdown initiated...
2026-07-10T11:02:24.185+09:00  INFO 8640 --- [msa4-meerkatgram] [SpringApplicationShutdownHook] com.zaxxer.hikari.HikariDataSource       : HikariPool-1 - Shutdown completed.
2026-07-10T11:02:26.462+09:00  INFO 21276 --- [msa4-meerkatgram] [main] c.m.Msa4MeerkatgramApplication           : Starting Msa4MeerkatgramApplication vv1 using Java 17.0.19 with PID 21276 (E:\Jeon\workspace\msa4-meerkatgram-master\build\classes\java\main started by user in E:\Jeon\workspace\msa4-meerkatgram-master)
2026-07-10T11:02:26.463+09:00  INFO 21276 --- [msa4-meerkatgram] [main] c.m.Msa4MeerkatgramApplication           : No active profile set, falling back to 1 default profile: "default"
2026-07-10T11:02:26.902+09:00  INFO 21276 --- [msa4-meerkatgram] [main] .s.d.r.c.RepositoryConfigurationDelegate : Bootstrapping Spring Data JPA repositories in DEFAULT mode.
2026-07-10T11:02:26.934+09:00  INFO 21276 --- [msa4-meerkatgram] [main] .s.d.r.c.RepositoryConfigurationDelegate : Finished Spring Data repository scanning in 27 ms. Found 2 JPA repository interfaces.
2026-07-10T11:02:27.230+09:00  INFO 21276 --- [msa4-meerkatgram] [main] o.s.b.w.embedded.tomcat.TomcatWebServer  : Tomcat initialized with port 8080 (http)
2026-07-10T11:02:27.238+09:00  INFO 21276 --- [msa4-meerkatgram] [main] o.apache.catalina.core.StandardService   : Starting service [Tomcat]
2026-07-10T11:02:27.238+09:00  INFO 21276 --- [msa4-meerkatgram] [main] o.apache.catalina.core.StandardEngine    : Starting Servlet engine: [Apache Tomcat/10.1.55]
2026-07-10T11:02:27.270+09:00  INFO 21276 --- [msa4-meerkatgram] [main] o.a.c.c.C.[Tomcat].[localhost].[/]       : Initializing Spring embedded WebApplicationContext
2026-07-10T11:02:27.270+09:00  INFO 21276 --- [msa4-meerkatgram] [main] w.s.c.ServletWebServerApplicationContext : Root WebApplicationContext: initialization completed in 787 ms
2026-07-10T11:02:27.331+09:00  WARN 21276 --- [msa4-meerkatgram] [main] JpaBaseConfiguration$JpaWebConfiguration : spring.jpa.open-in-view is enabled by default. Therefore, database queries may be performed during view rendering. Explicitly configure spring.jpa.open-in-view to disable this warning
2026-07-10T11:02:27.373+09:00  INFO 21276 --- [msa4-meerkatgram] [main] o.hibernate.jpa.internal.util.LogHelper  : HHH000204: Processing PersistenceUnitInfo [name: default]
2026-07-10T11:02:27.397+09:00  INFO 21276 --- [msa4-meerkatgram] [main] org.hibernate.Version                    : HHH000412: Hibernate ORM core version 6.6.53.Final
2026-07-10T11:02:27.414+09:00  INFO 21276 --- [msa4-meerkatgram] [main] o.h.c.internal.RegionFactoryInitiator    : HHH000026: Second-level cache disabled
2026-07-10T11:02:27.560+09:00  INFO 21276 --- [msa4-meerkatgram] [main] o.s.o.j.p.SpringPersistenceUnitInfo      : No LoadTimeWeaver setup: ignoring JPA class transformer
2026-07-10T11:02:27.576+09:00  INFO 21276 --- [msa4-meerkatgram] [main] com.zaxxer.hikari.HikariDataSource       : HikariPool-1 - Starting...
2026-07-10T11:02:27.721+09:00  INFO 21276 --- [msa4-meerkatgram] [main] com.zaxxer.hikari.pool.HikariPool        : HikariPool-1 - Added connection com.mysql.cj.jdbc.ConnectionImpl@61bd0845
2026-07-10T11:02:27.723+09:00  INFO 21276 --- [msa4-meerkatgram] [main] com.zaxxer.hikari.HikariDataSource       : HikariPool-1 - Start completed.
2026-07-10T11:02:27.765+09:00  INFO 21276 --- [msa4-meerkatgram] [main] org.hibernate.orm.connections.pooling    : HHH10001005: Database info:
	Database JDBC URL [Connecting through datasource 'HikariDataSource (HikariPool-1)']
	Database driver: undefined/unknown
	Database version: 8.4.9
	Autocommit mode: undefined/unknown
	Isolation level: undefined/unknown
	Minimum pool size: undefined/unknown
	Maximum pool size: undefined/unknown
2026-07-10T11:02:28.220+09:00  INFO 21276 --- [msa4-meerkatgram] [main] o.h.e.t.j.p.i.JtaPlatformInitiator       : HHH000489: No JTA platform available (set 'hibernate.transaction.jta.platform' to enable JTA platform integration)
2026-07-10T11:02:28.222+09:00  INFO 21276 --- [msa4-meerkatgram] [main] j.LocalContainerEntityManagerFactoryBean : Initialized JPA EntityManagerFactory for persistence unit 'default'
2026-07-10T11:02:28.564+09:00  WARN 21276 --- [msa4-meerkatgram] [main] .s.s.UserDetailsServiceAutoConfiguration : 

Using generated security password: 2cd12d60-a525-4e51-8755-b841e044a22e

This generated password is for development use only. Your security configuration must be updated before running your application in production.

2026-07-10T11:02:28.568+09:00  INFO 21276 --- [msa4-meerkatgram] [main] r$InitializeUserDetailsManagerConfigurer : Global AuthenticationManager configured with UserDetailsService bean with name inMemoryUserDetailsManager
2026-07-10T11:02:28.745+09:00  INFO 21276 --- [msa4-meerkatgram] [main] o.s.b.w.embedded.tomcat.TomcatWebServer  : Tomcat started on port 8080 (http) with context path '/'
2026-07-10T11:02:28.749+09:00  INFO 21276 --- [msa4-meerkatgram] [main] c.m.Msa4MeerkatgramApplication           : Started Msa4MeerkatgramApplication in 2.526 seconds (process running for 2.797)
2026-07-10T11:08:39.820+09:00  INFO 21276 --- [msa4-meerkatgram] [SpringApplicationShutdownHook] o.s.b.w.e.tomcat.GracefulShutdown        : Commencing graceful shutdown. Waiting for active requests to complete
2026-07-10T11:08:39.838+09:00  INFO 21276 --- [msa4-meerkatgram] [tomcat-shutdown] o.s.b.w.e.tomcat.GracefulShutdown        : Graceful shutdown complete
2026-07-10T11:08:39.841+09:00  INFO 21276 --- [msa4-meerkatgram] [SpringApplicationShutdownHook] j.LocalContainerEntityManagerFactoryBean : Closing JPA EntityManagerFactory for persistence unit 'default'
2026-07-10T11:08:39.842+09:00  INFO 21276 --- [msa4-meerkatgram] [SpringApplicationShutdownHook] com.zaxxer.hikari.HikariDataSource       : HikariPool-1 - Shutdown initiated...
2026-07-10T11:08:39.845+09:00  INFO 21276 --- [msa4-meerkatgram] [SpringApplicationShutdownHook] com.zaxxer.hikari.HikariDataSource       : HikariPool-1 - Shutdown completed.
